
0 0 0 0 0 0 64 38 0 0 0 0 0 0 91 70                                                                 
PSTN: 0 cct                                                                                         
Non-PSTN: 0 cct                                                                                     
Replacements: 0 cct                                                                                 
Other Service: 0 cct                                                                                
Total: 0 cct                                                                                        
###                                                                                                 
0 0 0 0 0 0 71 45 0 0 0 0 0 0 98 77                                                                 
PSTN: 0 cct                                                                                         
Non-PSTN: 0 cct                                                                                     
Replacements: 0 cct                                                                                 
Other Service: 0 cct                                                                                
Total: 0 cct                                                                                        
###                                                                                                 
0 0 0 0 0 0 72 46 0 0 0 0 0 0 99 78                                                                 
PSTN: 0 cct                                                                                         
Non-PSTN: 0 cct                                                                                     
Replacements: 0 cct                                                                                 
Other Service: 0 cct                                                                                
Total: 0 cct                                                                                        
###                                                                                                 
0 0 0 0 0 0 73 47 0 0 0 0 0 0 100 79                                                                
PSTN: 0 cct                                                                                         
Non-PSTN: 0 cct                                                                                     
Replacements: 0 cct                                                                                 
Other Service: 0 cct                                                                                
Total: 0 cct                                                                                        
###                                                                                                 
0 0 0 0 0 0 74 48 0 0 0 0 0 0 101 80                                                                
PSTN: 0 cct                                                                                         
Non-PSTN: 0 cct                                                                                     
Replacements: 0 cct                                                                                 
Other Service: 0 cct                                                                                
Total: 0 cct                                                                                        
###                                                                                                 
0 0 0 0 0 0 75 49 0 0 0 0 0 0 102 81                                                                
PSTN: 0 cct                                                                                         
Non-PSTN: 0 cct                                                                                     
Replacements: 0 cct                                                                                 
Other Service: 0 cct                                                                                
Total: 0 cct                                                                                        
###                                                                                                 
0 0 0 0 0 0 76 50 0 0 0 0 0 0 103 82                                                                
PSTN: 0 cct                                                                                         
Non-PSTN: 0 cct                                                                                     
Replacements: 0 cct                                                                                 
Other Service: 0 cct                                                                                
Total: 0 cct                                                                                        
###                                                                                                 
0 0 0 0 0 0 77 51 0 0 0 0 0 0 104 83                                                                
PSTN: 0 cct                                                                                         
Non-PSTN: 0 cct                                                                                     
Replacements: 0 cct                                                                                 
Other Service: 0 cct                                                                                
Total: 0 cct                                                                                        
###                                                                                                 
0 0 0 0 0 0 78 52 0 0 0 0 0 0 105 84                                                                
PSTN: 0 cct                                                                                         
Non-PSTN: 0 cct                                                                                     
Replacements: 0 cct                                                                                 
Other Service: 0 cct                                                                                
Total: 0 cct                                                                                        
###                                                                                                 
0 0 0 0 0 0 78 52 0 0 0 0 0 0 105 84                                                                
PSTN: 0 cct                                                                                         
Non-PSTN: 0 cct                                                                                     
Replacements: 0 cct                                                                                 
Other Service: 0 cct                                                                                
Total: 0 cct                                                                                        
###                                                                                                 
0 0 0 0 0 0 85 59 0 0 0 0 0 0 112 91                                                                
PSTN: 0 cct                                                                                         
Non-PSTN: 0 cct                                                                                     
Replacements: 0 cct                                                                                 
Other Service: 0 cct                                                                                
Total: 0 cct                                                                                        
###                                                                                                 
0 0 0 0 0 0 86 60 0 0 0 0 0 0 113 92                                                                
PSTN: 0 cct                                                                                         
Non-PSTN: 0 cct                                                                                     
Replacements: 0 cct                                                                                 
Other Service: 0 cct                                                                                
Total: 0 cct                                                                                        
###                                                                                                 
0 0 0 0 0 0 87 61 0 0 0 0 0 0 114 93                                                                
PSTN: 0 cct                                                                                         
Non-PSTN: 0 cct                                                                                     
Replacements: 0 cct                                                                                 
Other Service: 0 cct                                                                                
Total: 0 cct                                                                                        
###                                                                                                 
0 0 0 0 0 0 88 62 0 0 0 0 0 0 115 94                                                                
PSTN: 0 cct                                                                                         
Non-PSTN: 0 cct                                                                                     
Replacements: 0 cct                                                                                 
Other Service: 0 cct                                                                                
Total: 0 cct                                                                                        
###                                                                                                 
0 0 0 0 0 0 89 63 0 0 0 0 0 0 116 95                                                                
PSTN: 0 cct                                                                                         
Non-PSTN: 0 cct                                                                                     
Replacements: 0 cct                                                                                 
Other Service: 0 cct                                                                                
Total: 0 cct                                                                                        
###                                                                                                 
0 0 0 0 0 0 90 64 0 0 0 0 0 0 117 96                                                                
PSTN: 0 cct                                                                                         
Non-PSTN: 0 cct                                                                                     
Replacements: 0 cct                                                                                 
Other Service: 0 cct                                                                                
Total: 0 cct                                                                                        
###                                                                                                 
0 0 0 0 0 0 91 65 0 0 0 0 0 0 118 97                                                                
PSTN: 0 cct                                                                                         
Non-PSTN: 0 cct                                                                                     
Replacements: 0 cct                                                                                 
Other Service: 0 cct                                                                                
Total: 0 cct                                                                                        
###                                                                                                 
0 0 0 0 0 0 92 66 0 0 0 0 0 0 119 98                                                                
PSTN: 0 cct                                                                                         
Non-PSTN: 0 cct                                                                                     
Replacements: 0 cct                                                                                 
Other Service: 0 cct                                                                                
Total: 0 cct                                                                                        
###                                                                                                 
0 0 0 0 0 0 93 67 0 0 0 0 0 0 120 99                                                                
PSTN: 0 cct                                                                                         
Non-PSTN: 0 cct                                                                                     
Replacements: 0 cct                                                                                 
Other Service: 0 cct                                                                                
Total: 0 cct                                                                                        
###                                                                                                 
0 0 0 0 0 0 93 67 0 0 0 0 0 0 120 99                                                                
PSTN: 0 cct                                                                                         
Non-PSTN: 0 cct                                                                                     
Replacements: 0 cct                                                                                 
Other Service: 0 cct                                                                                
Total: 0 cct                                                                                        
###                                                                                                 
0 0 0 0 0 0 100 74 0 0 0 0 0 0 127 106                                                              
PSTN: 0 cct                                                                                         
Non-PSTN: 0 cct                                                                                     
Replacements: 0 cct                                                                                 
Other Service: 0 cct                                                                                
Total: 0 cct                                                                                        
###                                                                                                 
0 0 0 0 0 0 101 75 0 0 0 0 0 0 128 107                                                              
PSTN: 0 cct                                                                                         
Non-PSTN: 0 cct                                                                                     
Replacements: 0 cct                                                                                 
Other Service: 0 cct                                                                                
Total: 0 cct                                                                                        
###                                                                                                 
0 0 0 0 0 0 102 76 0 0 0 0 0 0 129 108                                                              
PSTN: 0 cct                                                                                         
Non-PSTN: 0 cct                                                                                     
Replacements: 0 cct                                                                                 
Other Service: 0 cct                                                                                
Total: 0 cct                                                                                        
###                                                                                                 
0 0 0 0 0 0 103 77 0 0 0 0 0 0 130 109                                                              
PSTN: 0 cct                                                                                         
Non-PSTN: 0 cct                                                                                     
Replacements: 0 cct                                                                                 
Other Service: 0 cct                                                                                
Total: 0 cct                                                                                        
###                                                                                                 
0 0 0 0 0 0 104 78 0 0 0 0 0 0 131 110                                                              
PSTN: 0 cct                                                                                         
Non-PSTN: 0 cct                                                                                     
Replacements: 0 cct                                                                                 
Other Service: 0 cct                                                                                
Total: 0 cct                                                                                        
###                                                                                                 
0 0 0 0 0 0 105 79 0 0 0 0 0 0 132 111                                                              
PSTN: 0 cct                                                                                         
Non-PSTN: 0 cct                                                                                     
Replacements: 0 cct                                                                                 
Other Service: 0 cct                                                                                
Total: 0 cct                                                                                        
###                                                                                                 
0 0 0 0 0 0 106 80 0 0 0 0 0 0 133 112                                                              
PSTN: 0 cct                                                                                         
Non-PSTN: 0 cct                                                                                     
Replacements: 0 cct                                                                                 
Other Service: 0 cct                                                                                
Total: 0 cct                                                                                        
###                                                                                                 
0 0 0 0 0 0 107 81 0 0 0 0 0 0 134 113                                                              
PSTN: 0 cct                                                                                         
Non-PSTN: 0 cct                                                                                     
Replacements: 0 cct                                                                                 
Other Service: 0 cct                                                                                
Total: 0 cct                                                                                        
###                                                                                                 
0 0 0 0 0 0 108 82 0 0 0 0 0 0 135 114                                                              
PSTN: 0 cct                                                                                         
Non-PSTN: 0 cct                                                                                     
Replacements: 0 cct                                                                                 
Other Service: 0 cct                                                                                
Total: 0 cct                                                                                        
###                                                                                                 
0 0 0 0 0 0 108 82 0 0 0 0 0 0 135 114                                                              
PSTN: 0 cct                                                                                         
Non-PSTN: 0 cct                                                                                     
Replacements: 0 cct                                                                                 
Other Service: 0 cct                                                                                
Total: 0 cct                                                                                        
###                                                                                                 
0 0 0 0 0 0 115 89 0 0 0 0 0 0 142 121                                                              
PSTN: 0 cct                                                                                         
Non-PSTN: 0 cct                                                                                     
Replacements: 0 cct                                                                                 
Other Service: 0 cct                                                                                
Total: 0 cct                                                                                        
###                                                                                                 
0 0 0 0 0 0 116 90 0 0 0 0 0 0 143 122                                                              
PSTN: 0 cct                                                                                         
Non-PSTN: 0 cct                                                                                     
Replacements: 0 cct                                                                                 
Other Service: 0 cct                                                                                
Total: 0 cct                                                                                        
###                                                                                                 
0 0 0 0 0 0 117 91 0 0 0 0 0 0 144 123                                                              
PSTN: 0 cct                                                                                         
Non-PSTN: 0 cct                                                                                     
Replacements: 0 cct                                                                                 
Other Service: 0 cct                                                                                
Total: 0 cct                                                                                        
###                                                                                                 
0 0 0 0 0 0 118 92 0 0 0 0 0 0 145 124                                                              
PSTN: 0 cct                                                                                         
Non-PSTN: 0 cct                                                                                     
Replacements: 0 cct                                                                                 
Other Service: 0 cct                                                                                
Total: 0 cct                                                                                        
###                                                                                                 
0 0 0 0 0 0 119 93 0 0 0 0 0 0 146 125                                                              
PSTN: 0 cct                                                                                         
Non-PSTN: 0 cct                                                                                     
Replacements: 0 cct                                                                                 
Other Service: 0 cct                                                                                
Total: 0 cct                                                                                        
###                                                                                                 
0 0 0 0 0 0 120 94 0 0 0 0 0 0 147 126                                                              
PSTN: 0 cct                                                                                         
Non-PSTN: 0 cct                                                                                     
Replacements: 0 cct                                                                                 
Other Service: 0 cct                                                                                
Total: 0 cct                                                                                        
###                                                                                                 
0 0 0 0 0 0 121 95 0 0 0 0 0 0 148 127                                                              
PSTN: 0 cct                                                                                         
Non-PSTN: 0 cct                                                                                     
Replacements: 0 cct                                                                                 
Other Service: 0 cct                                                                                
Total: 0 cct                                                                                        
###                                                                                                 
0 0 0 0 0 0 122 96 0 0 0 0 0 0 149 128                                                              
PSTN: 0 cct                                                                                         
Non-PSTN: 0 cct                                                                                     
Replacements: 0 cct                                                                                 
Other Service: 0 cct                                                                                
Total: 0 cct                                                                                        
###                                                                                                 
0 0 0 0 0 0 123 97 0 0 0 0 0 0 150 129                                                              
PSTN: 0 cct                                                                                         
Non-PSTN: 0 cct                                                                                     
Replacements: 0 cct                                                                                 
Other Service: 0 cct                                                                                
Total: 0 cct                                                                                        
###                                                                                                 
0 0 0 0 0 0 123 97 0 0 0 0 0 0 150 129                                                              
PSTN: 0 cct                                                                                         
Non-PSTN: 0 cct                                                                                     
Replacements: 0 cct                                                                                 
Other Service: 0 cct                                                                                
Total: 0 cct                                                                                        
###                                                                                                 
0 0 0 0 0 0 130 104 0 0 0 0 0 0 157 136                                                             
PSTN: 0 cct                                                                                         
Non-PSTN: 0 cct                                                                                     
Replacements: 0 cct                                                                                 
Other Service: 0 cct                                                                                
Total: 0 cct                                                                                        
###                                                                                                 
0 0 0 0 0 0 131 105 0 0 0 0 0 0 158 137                                                             
PSTN: 0 cct                                                                                         
Non-PSTN: 0 cct                                                                                     
Replacements: 0 cct                                                                                 
Other Service: 0 cct                                                                                
Total: 0 cct                                                                                        
###                                                                                                 
0 0 0 0 0 0 132 106 0 0 0 0 0 0 159 138                                                             
PSTN: 0 cct                                                                                         
Non-PSTN: 0 cct                                                                                     
Replacements: 0 cct                                                                                 
Other Service: 0 cct                                                                                
Total: 0 cct                                                                                        
###                                                                                                 
0 0 0 0 0 0 133 107 0 0 0 0 0 0 160 139                                                             
PSTN: 0 cct                                                                                         
Non-PSTN: 0 cct                                                                                     
Replacements: 0 cct                                                                                 
Other Service: 0 cct                                                                                
Total: 0 cct                                                                                        
###                                                                                                 
0 0 0 0 0 0 134 108 0 0 0 0 0 0 161 140                                                             
PSTN: 0 cct                                                                                         
Non-PSTN: 0 cct                                                                                     
Replacements: 0 cct                                                                                 
Other Service: 0 cct                                                                                
Total: 0 cct                                                                                        
###                                                                                                 
0 0 0 0 0 0 135 109 0 0 0 0 0 0 162 141                                                             
PSTN: 0 cct                                                                                         
Non-PSTN: 0 cct                                                                                     
Replacements: 0 cct                                                                                 
Other Service: 0 cct                                                                                
Total: 0 cct                                                                                        
###                                                                                                 
0 0 0 0 0 0 136 110 0 0 0 0 0 0 163 142                                                             
PSTN: 0 cct                                                                                         
Non-PSTN: 0 cct                                                                                     
Replacements: 0 cct                                                                                 
Other Service: 0 cct                                                                                
Total: 0 cct                                                                                        
###                                                                                                 
0 0 0 0 0 0 137 111 0 0 0 0 0 0 164 143                                                             
PSTN: 0 cct                                                                                         
Non-PSTN: 0 cct                                                                                     
Replacements: 0 cct                                                                                 
Other Service: 0 cct                                                                                
Total: 0 cct                                                                                        
###                                                                                                 
0 0 0 0 0 0 138 112 0 0 0 0 0 0 165 144                                                             
PSTN: 0 cct                                                                                         
Non-PSTN: 0 cct                                                                                     
Replacements: 0 cct                                                                                 
Other Service: 0 cct                                                                                
Total: 0 cct                                                                                        
###                                                                                                 
0 0 0 0 0 0 138 112 0 0 0 0 0 0 165 144                                                             
PSTN: 0 cct                                                                                         
Non-PSTN: 0 cct                                                                                     
Replacements: 0 cct                                                                                 
Other Service: 0 cct                                                                                
Total: 0 cct                                                                                        
###                                                                                                 
0 0 0 0 0 0 85 59 0 0 0 0 0 0 112 91                                                                
PSTN: 0 cct                                                                                         
Non-PSTN: 0 cct                                                                                     
Replacements: 0 cct                                                                                 
Other Service: 0 cct                                                                                
Total: 0 cct                                                                                        
###                                                                                                 
0 0 0 0 0 0 86 60 0 0 0 0 0 0 113 92                                                                
PSTN: 0 cct                                                                                         
Non-PSTN: 0 cct                                                                                     
Replacements: 0 cct                                                                                 
Other Service: 0 cct                                                                                
Total: 0 cct                                                                                        
###                                                                                                 
0 0 0 0 0 0 87 61 0 0 0 0 0 0 114 93                                                                
PSTN: 0 cct                                                                                         
Non-PSTN: 0 cct                                                                                     
Replacements: 0 cct                                                                                 
Other Service: 0 cct                                                                                
Total: 0 cct                                                                                        
###                                                                                                 
0 0 0 0 0 0 88 62 0 0 0 0 0 0 115 94                                                                
PSTN: 0 cct                                                                                         
Non-PSTN: 0 cct                                                                                     
Replacements: 0 cct                                                                                 
Other Service: 0 cct                                                                                
Total: 0 cct                                                                                        
###                                                                                                 
0 0 0 0 0 0 89 63 0 0 0 0 0 0 116 95                                                                
PSTN: 0 cct                                                                                         
Non-PSTN: 0 cct                                                                                     
Replacements: 0 cct                                                                                 
Other Service: 0 cct                                                                                
Total: 0 cct                                                                                        
###                                                                                                 
0 0 0 0 0 0 90 64 0 0 0 0 0 0 117 96                                                                
PSTN: 0 cct                                                                                         
Non-PSTN: 0 cct                                                                                     
Replacements: 0 cct                                                                                 
Other Service: 0 cct                                                                                
Total: 0 cct                                                                                        
###                                                                                                 
0 0 0 0 0 0 91 65 0 0 0 0 0 0 118 97                                                                
PSTN: 0 cct                                                                                         
Non-PSTN: 0 cct                                                                                     
Replacements: 0 cct                                                                                 
Other Service: 0 cct                                                                                
Total: 0 cct                                                                                        
###                                                                                                 
0 0 0 0 0 0 92 66 0 0 0 0 0 0 119 98                                                                
PSTN: 0 cct                                                                                         
Non-PSTN: 0 cct                                                                                     
Replacements: 0 cct                                                                                 
Other Service: 0 cct                                                                                
Total: 0 cct                                                                                        
###                                                                                                 
0 0 0 0 0 0 93 67 0 0 0 0 0 0 120 99                                                                
PSTN: 0 cct                                                                                         
Non-PSTN: 0 cct                                                                                     
Replacements: 0 cct                                                                                 
Other Service: 0 cct                                                                                
Total: 0 cct                                                                                        
###                                                                                                 
0 0 0 0 0 0 93 67 0 0 0 0 0 0 120 99                                                                
PSTN: 0 cct                                                                                         
Non-PSTN: 0 cct                                                                                     
Replacements: 0 cct                                                                                 
Other Service: 0 cct                                                                                
Total: 0 cct                                                                                        
###                                                                                                 
0 0 0 0 0 0 93 67 0 0 0 0 0 0 120 99                                                                
PSTN: 0 cct                                                                                         
Non-PSTN: 0 cct                                                                                     
Replacements: 0 cct                                                                                 
Other Service: 0 cct                                                                                
Total: 0 cct                                                                                        
###                                                                                                 
0 0 0 0 0 0 93 67 0 0 0 0 0 0 120 99                                                                
PSTN: 0 cct                                                                                         
Non-PSTN: 0 cct                                                                                     
Replacements: 0 cct                                                                                 
Other Service: 0 cct                                                                                
Total: 0 cct                                                                                        
###                                                                                                 
0 0 0 0 0 0 93 67 0 0 0 0 0 0 120 99                                                                
PSTN: 0 cct                                                                                         
Non-PSTN: 0 cct                                                                                     
Replacements: 0 cct                                                                                 
Other Service: 0 cct                                                                                
Total: 0 cct                                                                                        
###                                                                                                 
0 0 0 0 0 0 93 67 0 0 0 0 0 0 120 99                                                                
PSTN: 0 cct                                                                                         
Non-PSTN: 0 cct                                                                                     
Replacements: 0 cct                                                                                 
Other Service: 0 cct                                                                                
Total: 0 cct                                                                                        
###                                                                                                 
0 0 0 0 0 0 93 67 0 0 0 0 0 0 120 99                                                                
PSTN: 0 cct                                                                                         
Non-PSTN: 0 cct                                                                                     
Replacements: 0 cct                                                                                 
Other Service: 0 cct                                                                                
Total: 0 cct                                                                                        
###                                                                                                 
0 0 0 0 0 0 93 67 0 0 0 0 0 0 120 99                                                                
PSTN: 0 cct                                                                                         
Non-PSTN: 0 cct                                                                                     
Replacements: 0 cct                                                                                 
Other Service: 0 cct                                                                                
Total: 0 cct                                                                                        
###                                                                                                 
0 0 0 0 0 0 93 67 0 0 0 0 0 0 120 99                                                                
PSTN: 0 cct                                                                                         
Non-PSTN: 0 cct                                                                                     
Replacements: 0 cct                                                                                 
Other Service: 0 cct                                                                                
Total: 0 cct                                                                                        
###                                                                                                 
0 0 0 0 0 0 93 67 0 0 0 0 0 0 120 99                                                                
PSTN: 0 cct                                                                                         
Non-PSTN: 0 cct                                                                                     
Replacements: 0 cct                                                                                 
Other Service: 0 cct                                                                                
Total: 0 cct                                                                                        
###                                                                                                 
0 0 0 0 0 0 93 67 0 0 0 0 0 0 120 99                                                                
PSTN: 0 cct                                                                                         
Non-PSTN: 0 cct                                                                                     
Replacements: 0 cct                                                                                 
Other Service: 0 cct                                                                                
Total: 0 cct                                                                                        
###                                                                                                 
0 0 0 0 0 0 93 67 0 0 0 0 0 0 120 99                                                                
PSTN: 0 cct                                                                                         
Non-PSTN: 0 cct                                                                                     
Replacements: 0 cct                                                                                 
Other Service: 0 cct                                                                                
Total: 0 cct                                                                                        
###                                                                                                 
0 0 0 0 0 0 100 74 0 0 0 0 0 0 127 106                                                              
PSTN: 0 cct                                                                                         
Non-PSTN: 0 cct                                                                                     
Replacements: 0 cct                                                                                 
Other Service: 0 cct                                                                                
Total: 0 cct                                                                                        
###                                                                                                 
0 0 0 0 0 0 101 75 0 0 0 0 0 0 128 107                                                              
PSTN: 0 cct                                                                                         
Non-PSTN: 0 cct                                                                                     
Replacements: 0 cct                                                                                 
Other Service: 0 cct                                                                                
Total: 0 cct                                                                                        
###                                                                                                 
0 0 0 0 0 0 102 76 0 0 0 0 0 0 129 108                                                              
PSTN: 0 cct                                                                                         
Non-PSTN: 0 cct                                                                                     
Replacements: 0 cct                                                                                 
Other Service: 0 cct                                                                                
Total: 0 cct                                                                                        
###                                                                                                 
0 0 0 0 0 0 103 77 0 0 0 0 0 0 130 109                                                              
PSTN: 0 cct                                                                                         
Non-PSTN: 0 cct                                                                                     
Replacements: 0 cct                                                                                 
Other Service: 0 cct                                                                                
Total: 0 cct                                                                                        
###                                                                                                 
0 0 0 0 0 0 104 78 0 0 0 0 0 0 131 110                                                              
PSTN: 0 cct                                                                                         
Non-PSTN: 0 cct                                                                                     
Replacements: 0 cct                                                                                 
Other Service: 0 cct                                                                                
Total: 0 cct                                                                                        
###                                                                                                 
0 0 0 0 0 0 105 79 0 0 0 0 0 0 132 111                                                              
PSTN: 0 cct                                                                                         
Non-PSTN: 0 cct                                                                                     
Replacements: 0 cct                                                                                 
Other Service: 0 cct                                                                                
Total: 0 cct                                                                                        
###                                                                                                 
0 0 0 0 0 0 106 80 0 0 0 0 0 0 133 112                                                              
PSTN: 0 cct                                                                                         
Non-PSTN: 0 cct                                                                                     
Replacements: 0 cct                                                                                 
Other Service: 0 cct                                                                                
Total: 0 cct                                                                                        
###                                                                                                 
0 0 0 0 0 0 107 81 0 0 0 0 0 0 134 113                                                              
PSTN: 0 cct                                                                                         
Non-PSTN: 0 cct                                                                                     
Replacements: 0 cct                                                                                 
Other Service: 0 cct                                                                                
Total: 0 cct                                                                                        
###                                                                                                 
0 0 0 0 0 0 108 82 0 0 0 0 0 0 135 114                                                              
PSTN: 0 cct                                                                                         
Non-PSTN: 0 cct                                                                                     
Replacements: 0 cct                                                                                 
Other Service: 0 cct                                                                                
Total: 0 cct                                                                                        
###                                                                                                 
0 0 0 0 0 0 108 82 0 0 0 0 0 0 135 114                                                              
PSTN: 0 cct                                                                                         
Non-PSTN: 0 cct                                                                                     
Replacements: 0 cct                                                                                 
Other Service: 0 cct                                                                                
Total: 0 cct                                                                                        
###                                                                                                 
0 0 0 0 0 0 108 82 0 0 0 0 0 0 135 114                                                              
PSTN: 0 cct                                                                                         
Non-PSTN: 0 cct                                                                                     
Replacements: 0 cct                                                                                 
Other Service: 0 cct                                                                                
Total: 0 cct                                                                                        
###                                                                                                 
0 0 0 0 0 0 108 82 0 0 0 0 0 0 135 114                                                              
PSTN: 0 cct                                                                                         
Non-PSTN: 0 cct                                                                                     
Replacements: 0 cct                                                                                 
Other Service: 0 cct                                                                                
Total: 0 cct                                                                                        
###                                                                                                 
0 0 0 0 0 0 108 82 0 0 0 0 0 0 135 114                                                              
PSTN: 0 cct                                                                                         
Non-PSTN: 0 cct                                                                                     
Replacements: 0 cct                                                                                 
Other Service: 0 cct                                                                                
Total: 0 cct                                                                                        
###                                                                                                 
0 0 0 0 0 0 108 82 0 0 0 0 0 0 135 114                                                              
PSTN: 0 cct                                                                                         
Non-PSTN: 0 cct                                                                                     
Replacements: 0 cct                                                                                 
Other Service: 0 cct                                                                                
Total: 0 cct                                                                                        
###                                                                                                 
0 0 0 0 0 0 108 82 0 0 0 0 0 0 135 114                                                              
PSTN: 0 cct                                                                                         
Non-PSTN: 0 cct                                                                                     
Replacements: 0 cct                                                                                 
Other Service: 0 cct                                                                                
Total: 0 cct                                                                                        
###                                                                                                 
0 0 0 0 0 0 108 82 0 0 0 0 0 0 135 114                                                              
PSTN: 0 cct                                                                                         
Non-PSTN: 0 cct                                                                                     
Replacements: 0 cct                                                                                 
Other Service: 0 cct                                                                                
Total: 0 cct                                                                                        
###                                                                                                 
0 0 0 0 0 0 108 82 0 0 0 0 0 0 135 114                                                              
PSTN: 0 cct                                                                                         
Non-PSTN: 0 cct                                                                                     
Replacements: 0 cct                                                                                 
Other Service: 0 cct                                                                                
Total: 0 cct                                                                                        
###                                                                                                 
0 0 0 0 0 0 108 82 0 0 0 0 0 0 135 114                                                              
PSTN: 0 cct                                                                                         
Non-PSTN: 0 cct                                                                                     
Replacements: 0 cct                                                                                 
Other Service: 0 cct                                                                                
Total: 0 cct                                                                                        
###                                                                                                 
0 0 0 0 0 0 108 82 0 0 0 0 0 0 135 114                                                              
PSTN: 0 cct                                                                                         
Non-PSTN: 0 cct                                                                                     
Replacements: 0 cct                                                                                 
Other Service: 0 cct                                                                                
Total: 0 cct                                                                                        
###                                                                                                 
0 0 0 0 0 0 108 82 0 0 0 0 0 0 135 114                                                              
PSTN: 0 cct                                                                                         
Non-PSTN: 0 cct                                                                                     
Replacements: 0 cct                                                                                 
Other Service: 0 cct                                                                                
Total: 0 cct                                                                                        
###                                                                                                 
0 0 0 0 0 0 115 89 0 0 0 0 0 0 142 121                                                              
PSTN: 0 cct                                                                                         
Non-PSTN: 0 cct                                                                                     
Replacements: 0 cct                                                                                 
Other Service: 0 cct                                                                                
Total: 0 cct                                                                                        
###                                                                                                 
0 0 0 0 0 0 116 90 0 0 0 0 0 0 143 122                                                              
PSTN: 0 cct                                                                                         
Non-PSTN: 0 cct                                                                                     
Replacements: 0 cct                                                                                 
Other Service: 0 cct                                                                                
Total: 0 cct                                                                                        
###                                                                                                 
0 0 0 0 0 0 117 91 0 0 0 0 0 0 144 123                                                              
PSTN: 0 cct                                                                                         
Non-PSTN: 0 cct                                                                                     
Replacements: 0 cct                                                                                 
Other Service: 0 cct                                                                                
Total: 0 cct                                                                                        
###                                                                                                 
0 0 0 0 0 0 118 92 0 0 0 0 0 0 145 124                                                              
PSTN: 0 cct                                                                                         
Non-PSTN: 0 cct                                                                                     
Replacements: 0 cct                                                                                 
Other Service: 0 cct                                                                                
Total: 0 cct                                                                                        
###                                                                                                 
0 0 0 0 0 0 119 93 0 0 0 0 0 0 146 125                                                              
PSTN: 0 cct                                                                                         
Non-PSTN: 0 cct                                                                                     
Replacements: 0 cct                                                                                 
Other Service: 0 cct                                                                                
Total: 0 cct                                                                                        
###                                                                                                 
0 0 0 0 0 0 120 94 0 0 0 0 0 0 147 126                                                              
PSTN: 0 cct                                                                                         
Non-PSTN: 0 cct                                                                                     
Replacements: 0 cct                                                                                 
Other Service: 0 cct                                                                                
Total: 0 cct                                                                                        
###                                                                                                 
0 0 0 0 0 0 121 95 0 0 0 0 0 0 148 127                                                              
PSTN: 0 cct                                                                                         
Non-PSTN: 0 cct                                                                                     
Replacements: 0 cct                                                                                 
Other Service: 0 cct                                                                                
Total: 0 cct                                                                                        
###                                                                                                 
0 0 0 0 0 0 122 96 0 0 0 0 0 0 149 128                                                              
PSTN: 0 cct                                                                                         
Non-PSTN: 0 cct                                                                                     
Replacements: 0 cct                                                                                 
Other Service: 0 cct                                                                                
Total: 0 cct                                                                                        
###                                                                                                 
0 0 0 0 0 0 123 97 0 0 0 0 0 0 150 129                                                              
PSTN: 0 cct                                                                                         
Non-PSTN: 0 cct                                                                                     
Replacements: 0 cct                                                                                 
Other Service: 0 cct                                                                                
Total: 0 cct                                                                                        
###                                                                                                 
0 0 0 0 0 0 64 38 0 0 0 0 0 0 91 70                                                                 
PSTN: 0 cct                                                                                         
Non-PSTN: 0 cct                                                                                     
Replacements: 0 cct                                                                                 
Other Service: 0 cct                                                                                
Total: 0 cct                                                                                        
###                                                                                                 
