
BUILDING TO BUILDING CIRCUIT FORECAST                                                               
REGION/STATE/PTT: TENGAH/-/-                                                                        
BUILDING ID: BRK1                                                                                   
TARGET YEAR: 2000                                                                                   
TOTAL PSTN CIRCUIT: 256                                                                             
TOTAL NON-PSTN CIRCUIT: 0                                                                           
TOTAL REPLACEMENT CIRCUIT: 0                                                                        
TOTAL OTHER SERVICES CIRCUIT: 0                                                                     
TOTAL CIRCUIT: 256                                                                                  
###                                                                                                 
0 0 0 0 0 0 64 38 BRK1-S1                                                                           
###                                                                                                 
0 0 0 0 0 0 91 70 TRM1-S1                                                                           
###                                                                                                 
0 0 0 0 0 0 71 45 BRK1-S2                                                                           
###                                                                                                 
0 0 0 0 0 0 98 77 TRM1-S2                                                                           
###                                                                                                 
0 0 0 0 0 0 72 46 BRK1-S3                                                                           
###                                                                                                 
0 0 0 0 0 0 99 78 TRM1-S3                                                                           
###                                                                                                 
0 0 0 0 0 0 73 47 BRK1-S4                                                                           
###                                                                                                 
0 0 0 0 0 0 100 79 TRM1-S4                                                                          
###                                                                                                 
0 0 0 0 0 0 74 48 BRK1-S5                                                                           
###                                                                                                 
0 0 0 0 0 0 101 80 TRM1-S5                                                                          
###                                                                                                 
0 0 0 0 0 0 75 49 BRK1-S6                                                                           
###                                                                                                 
0 0 0 0 0 0 102 81 TRM1-S6                                                                          
###                                                                                                 
0 0 0 0 0 0 76 50 BRK1-S7                                                                           
###                                                                                                 
0 0 0 0 0 0 103 82 TRM1-S7                                                                          
###                                                                                                 
0 0 0 0 0 0 77 51 BRK1-S8                                                                           
###                                                                                                 
0 0 0 0 0 0 104 83 TRM1-S8                                                                          
###                                                                                                 
0 0 0 0 0 0 78 52 BRK1-S9                                                                           
###                                                                                                 
0 0 0 0 0 0 105 84 TRM1-S9                                                                          
###                                                                                                 
0 0 0 0 0 0 78 52 BRK1-S10                                                                          
###                                                                                                 
0 0 0 0 0 0 105 84 TRM1-S10                                                                         
###                                                                                                 
0 0 0 0 0 0 85 59 BRK1-S11                                                                          
###                                                                                                 
0 0 0 0 0 0 112 91 TRM1-S11                                                                         
###                                                                                                 
0 0 0 0 0 0 86 60 BRK1-S12                                                                          
###                                                                                                 
0 0 0 0 0 0 113 92 TRM1-S12                                                                         
###                                                                                                 
0 0 0 0 0 0 87 61 BRK1-S13                                                                          
###                                                                                                 
0 0 0 0 0 0 114 93 TRM1-S13                                                                         
###                                                                                                 
0 0 0 0 0 0 88 62 BRK1-S14                                                                          
###                                                                                                 
0 0 0 0 0 0 115 94 TRM1-S14                                                                         
###                                                                                                 
0 0 0 0 0 0 89 63 BRK1-S15                                                                          
###                                                                                                 
0 0 0 0 0 0 116 95 TRM1-S15                                                                         
###                                                                                                 
0 0 0 0 0 0 90 64 BRK1-S16                                                                          
###                                                                                                 
0 0 0 0 0 0 117 96 TRM1-S16                                                                         
###                                                                                                 
0 0 0 0 0 0 91 65 BRK1-S17                                                                          
###                                                                                                 
0 0 0 0 0 0 118 97 TRM1-S17                                                                         
###                                                                                                 
0 0 0 0 0 0 92 66 BRK1-S18                                                                          
###                                                                                                 
0 0 0 0 0 0 119 98 TRM1-S18                                                                         
###                                                                                                 
0 0 0 0 0 0 93 67 BRK1-S19                                                                          
###                                                                                                 
0 0 0 0 0 0 120 99 TRM1-S19                                                                         
###                                                                                                 
0 0 0 0 0 0 93 67 BRK1-S20                                                                          
###                                                                                                 
0 0 0 0 0 0 120 99 TRM1-S20                                                                         
###                                                                                                 
0 0 0 0 0 0 100 74 BRK1-S21                                                                         
###                                                                                                 
0 0 0 0 0 0 127 106 TRM1-S21                                                                        
###                                                                                                 
0 0 0 0 0 0 101 75 BRK1-S22                                                                         
###                                                                                                 
0 0 0 0 0 0 128 107 TRM1-S22                                                                        
###                                                                                                 
0 0 0 0 0 0 102 76 BRK1-S23                                                                         
###                                                                                                 
0 0 0 0 0 0 129 108 TRM1-S23                                                                        
###                                                                                                 
0 0 0 0 0 0 103 77 BRK1-S24                                                                         
###                                                                                                 
0 0 0 0 0 0 130 109 TRM1-S24                                                                        
###                                                                                                 
0 0 0 0 0 0 104 78 BRK1-S25                                                                         
###                                                                                                 
0 0 0 0 0 0 131 110 TRM1-S25                                                                        
###                                                                                                 
0 0 0 0 0 0 105 79 BRK1-S26                                                                         
###                                                                                                 
0 0 0 0 0 0 132 111 TRM1-S26                                                                        
###                                                                                                 
0 0 0 0 0 0 106 80 BRK1-S27                                                                         
###                                                                                                 
0 0 0 0 0 0 133 112 TRM1-S27                                                                        
###                                                                                                 
0 0 0 0 0 0 107 81 BRK1-S28                                                                         
###                                                                                                 
0 0 0 0 0 0 134 113 TRM1-S28                                                                        
###                                                                                                 
0 0 0 0 0 0 108 82 BRK1-S29                                                                         
###                                                                                                 
0 0 0 0 0 0 135 114 TRM1-S29                                                                        
###                                                                                                 
0 0 0 0 0 0 108 82 BRK1-S30                                                                         
###                                                                                                 
0 0 0 0 0 0 135 114 TRM1-S30                                                                        
###                                                                                                 
0 0 0 0 0 0 115 89 BRK1-S31                                                                         
###                                                                                                 
0 0 0 0 0 0 142 121 TRM1-S31                                                                        
###                                                                                                 
0 0 0 0 0 0 116 90 BRK1-S32                                                                         
###                                                                                                 
0 0 0 0 0 0 143 122 TRM1-S32                                                                        
###                                                                                                 
0 0 0 0 0 0 117 91 BRK1-S33                                                                         
###                                                                                                 
0 0 0 0 0 0 144 123 TRM1-S33                                                                        
###                                                                                                 
0 0 0 0 0 0 118 92 BRK1-S34                                                                         
###                                                                                                 
0 0 0 0 0 0 145 124 TRM1-S34                                                                        
###                                                                                                 
0 0 0 0 0 0 119 93 BRK1-S35                                                                         
###                                                                                                 
0 0 0 0 0 0 146 125 TRM1-S35                                                                        
###                                                                                                 
0 0 0 0 0 0 120 94 BRK1-S36                                                                         
###                                                                                                 
0 0 0 0 0 0 147 126 TRM1-S36                                                                        
###                                                                                                 
0 0 0 0 0 0 121 95 BRK1-S37                                                                         
###                                                                                                 
0 0 0 0 0 0 148 127 TRM1-S37                                                                        
###                                                                                                 
0 0 0 0 0 0 122 96 BRK1-S38                                                                         
###                                                                                                 
0 0 0 0 0 0 149 128 TRM1-S38                                                                        
###                                                                                                 
0 0 0 0 0 0 123 97 BRK1-S39                                                                         
###                                                                                                 
0 0 0 0 0 0 150 129 TRM1-S39                                                                        
###                                                                                                 
0 0 0 0 0 0 123 97 BRK1-S40                                                                         
###                                                                                                 
0 0 0 0 0 0 150 129 TRM1-S40                                                                        
###                                                                                                 
0 0 0 0 0 0 130 104 BRK1-S41                                                                        
###                                                                                                 
0 0 0 0 0 0 157 136 TRM1-S41                                                                        
###                                                                                                 
0 0 0 0 0 0 131 105 BRK1-S42                                                                        
###                                                                                                 
0 0 0 0 0 0 158 137 TRM1-S42                                                                        
###                                                                                                 
0 0 0 0 0 0 132 106 BRK1-S43                                                                        
###                                                                                                 
0 0 0 0 0 0 159 138 TRM1-S43                                                                        
###                                                                                                 
0 0 0 0 0 0 133 107 BRK1-S44                                                                        
###                                                                                                 
0 0 0 0 0 0 160 139 TRM1-S44                                                                        
###                                                                                                 
0 0 0 0 0 0 134 108 BRK1-S45                                                                        
###                                                                                                 
0 0 0 0 0 0 161 140 TRM1-S45                                                                        
###                                                                                                 
0 0 0 0 0 0 135 109 BRK1-S46                                                                        
###                                                                                                 
0 0 0 0 0 0 162 141 TRM1-S46                                                                        
###                                                                                                 
0 0 0 0 0 0 136 110 BRK1-S47                                                                        
###                                                                                                 
0 0 0 0 0 0 163 142 TRM1-S47                                                                        
###                                                                                                 
0 0 0 0 0 0 137 111 BRK1-S48                                                                        
###                                                                                                 
0 0 0 0 0 0 164 143 TRM1-S48                                                                        
###                                                                                                 
0 0 0 0 0 0 138 112 BRK1-S49                                                                        
###                                                                                                 
0 0 0 0 0 0 165 144 TRM1-S49                                                                        
###                                                                                                 
0 0 0 0 0 0 138 112 BRK1-S50                                                                        
###                                                                                                 
0 0 0 0 0 0 165 144 TRM1-S50                                                                        
###                                                                                                 
0 0 0 0 0 0 85 59 BRK1-S51                                                                          
###                                                                                                 
0 0 0 0 0 0 112 91 TRM1-S51                                                                         
###                                                                                                 
0 0 0 0 0 0 86 60 BRK1-S52                                                                          
###                                                                                                 
0 0 0 0 0 0 113 92 TRM1-S52                                                                         
###                                                                                                 
0 0 0 0 0 0 87 61 BRK1-S53                                                                          
###                                                                                                 
0 0 0 0 0 0 114 93 TRM1-S53                                                                         
###                                                                                                 
0 0 0 0 0 0 88 62 BRK1-S54                                                                          
###                                                                                                 
0 0 0 0 0 0 115 94 TRM1-S54                                                                         
###                                                                                                 
0 0 0 0 0 0 89 63 BRK1-S55                                                                          
###                                                                                                 
0 0 0 0 0 0 116 95 TRM1-S55                                                                         
###                                                                                                 
0 0 0 0 0 0 90 64 BRK1-S56                                                                          
###                                                                                                 
0 0 0 0 0 0 117 96 TRM1-S56                                                                         
###                                                                                                 
0 0 0 0 0 0 91 65 BRK1-S57                                                                          
###                                                                                                 
0 0 0 0 0 0 118 97 TRM1-S57                                                                         
###                                                                                                 
0 0 0 0 0 0 92 66 BRK1-S58                                                                          
###                                                                                                 
0 0 0 0 0 0 119 98 TRM1-S58                                                                         
###                                                                                                 
0 0 0 0 0 0 93 67 BRK1-S59                                                                          
###                                                                                                 
0 0 0 0 0 0 120 99 TRM1-S59                                                                         
###                                                                                                 
0 0 0 0 0 0 93 67 BRK1-S60                                                                          
###                                                                                                 
0 0 0 0 0 0 120 99 TRM1-S60                                                                         
###                                                                                                 
0 0 0 0 0 0 93 67 BRK1-S61                                                                          
###                                                                                                 
0 0 0 0 0 0 120 99 TRM1-S61                                                                         
###                                                                                                 
0 0 0 0 0 0 93 67 BRK1-S62                                                                          
###                                                                                                 
0 0 0 0 0 0 120 99 TRM1-S62                                                                         
###                                                                                                 
0 0 0 0 0 0 93 67 BRK1-S63                                                                          
###                                                                                                 
0 0 0 0 0 0 120 99 TRM1-S63                                                                         
###                                                                                                 
0 0 0 0 0 0 93 67 BRK1-S64                                                                          
###                                                                                                 
0 0 0 0 0 0 120 99 TRM1-S64                                                                         
###                                                                                                 
0 0 0 0 0 0 93 67 BRK1-S65                                                                          
###                                                                                                 
0 0 0 0 0 0 120 99 TRM1-S65                                                                         
###                                                                                                 
0 0 0 0 0 0 93 67 BRK1-S66                                                                          
###                                                                                                 
0 0 0 0 0 0 120 99 TRM1-S66                                                                         
###                                                                                                 
0 0 0 0 0 0 93 67 BRK1-S67                                                                          
###                                                                                                 
0 0 0 0 0 0 120 99 TRM1-S67                                                                         
###                                                                                                 
0 0 0 0 0 0 93 67 BRK1-S68                                                                          
###                                                                                                 
0 0 0 0 0 0 120 99 TRM1-S68                                                                         
###                                                                                                 
0 0 0 0 0 0 93 67 BRK1-S69                                                                          
###                                                                                                 
0 0 0 0 0 0 120 99 TRM1-S69                                                                         
###                                                                                                 
0 0 0 0 0 0 93 67 BRK1-S70                                                                          
###                                                                                                 
0 0 0 0 0 0 120 99 TRM1-S70                                                                         
###                                                                                                 
0 0 0 0 0 0 100 74 BRK1-S71                                                                         
###                                                                                                 
0 0 0 0 0 0 127 106 TRM1-S71                                                                        
###                                                                                                 
0 0 0 0 0 0 101 75 BRK1-S72                                                                         
###                                                                                                 
0 0 0 0 0 0 128 107 TRM1-S72                                                                        
###                                                                                                 
0 0 0 0 0 0 102 76 BRK1-S73                                                                         
###                                                                                                 
0 0 0 0 0 0 129 108 TRM1-S73                                                                        
###                                                                                                 
0 0 0 0 0 0 103 77 BRK1-S74                                                                         
###                                                                                                 
0 0 0 0 0 0 130 109 TRM1-S74                                                                        
###                                                                                                 
0 0 0 0 0 0 104 78 BRK1-S75                                                                         
###                                                                                                 
0 0 0 0 0 0 131 110 TRM1-S75                                                                        
###                                                                                                 
0 0 0 0 0 0 105 79 BRK1-S76                                                                         
###                                                                                                 
0 0 0 0 0 0 132 111 TRM1-S76                                                                        
###                                                                                                 
0 0 0 0 0 0 106 80 BRK1-S77                                                                         
###                                                                                                 
0 0 0 0 0 0 133 112 TRM1-S77                                                                        
###                                                                                                 
0 0 0 0 0 0 107 81 BRK1-S78                                                                         
###                                                                                                 
0 0 0 0 0 0 134 113 TRM1-S78                                                                        
###                                                                                                 
0 0 0 0 0 0 108 82 BRK1-S79                                                                         
###                                                                                                 
0 0 0 0 0 0 135 114 TRM1-S79                                                                        
###                                                                                                 
0 0 0 0 0 0 108 82 BRK1-S80                                                                         
###                                                                                                 
0 0 0 0 0 0 135 114 TRM1-S80                                                                        
###                                                                                                 
0 0 0 0 0 0 108 82 BRK1-S81                                                                         
###                                                                                                 
0 0 0 0 0 0 135 114 TRM1-S81                                                                        
###                                                                                                 
0 0 0 0 0 0 108 82 BRK1-S82                                                                         
###                                                                                                 
0 0 0 0 0 0 135 114 TRM1-S82                                                                        
###                                                                                                 
0 0 0 0 0 0 108 82 BRK1-S83                                                                         
###                                                                                                 
0 0 0 0 0 0 135 114 TRM1-S83                                                                        
###                                                                                                 
0 0 0 0 0 0 108 82 BRK1-S84                                                                         
###                                                                                                 
0 0 0 0 0 0 135 114 TRM1-S84                                                                        
###                                                                                                 
0 0 0 0 0 0 108 82 BRK1-S85                                                                         
###                                                                                                 
0 0 0 0 0 0 135 114 TRM1-S85                                                                        
###                                                                                                 
0 0 0 0 0 0 108 82 BRK1-S86                                                                         
###                                                                                                 
0 0 0 0 0 0 135 114 TRM1-S86                                                                        
###                                                                                                 
0 0 0 0 0 0 108 82 BRK1-S87                                                                         
###                                                                                                 
0 0 0 0 0 0 135 114 TRM1-S87                                                                        
###                                                                                                 
0 0 0 0 0 0 108 82 BRK1-S88                                                                         
###                                                                                                 
0 0 0 0 0 0 135 114 TRM1-S88                                                                        
###                                                                                                 
0 0 0 0 0 0 108 82 BRK1-S89                                                                         
###                                                                                                 
0 0 0 0 0 0 135 114 TRM1-S89                                                                        
###                                                                                                 
0 0 0 0 0 0 108 82 BRK1-S90                                                                         
###                                                                                                 
0 0 0 0 0 0 135 114 TRM1-S90                                                                        
###                                                                                                 
0 0 0 0 0 0 115 89 BRK1-S91                                                                         
###                                                                                                 
0 0 0 0 0 0 142 121 TRM1-S91                                                                        
###                                                                                                 
0 0 0 0 0 0 116 90 BRK1-S92                                                                         
###                                                                                                 
0 0 0 0 0 0 143 122 TRM1-S92                                                                        
###                                                                                                 
0 0 0 0 0 0 117 91 BRK1-S93                                                                         
###                                                                                                 
0 0 0 0 0 0 144 123 TRM1-S93                                                                        
###                                                                                                 
0 0 0 0 0 0 118 92 BRK1-S94                                                                         
###                                                                                                 
0 0 0 0 0 0 145 124 TRM1-S94                                                                        
###                                                                                                 
0 0 0 0 0 0 119 93 BRK1-S95                                                                         
###                                                                                                 
0 0 0 0 0 0 146 125 TRM1-S95                                                                        
###                                                                                                 
0 0 0 0 0 0 120 94 BRK1-S96                                                                         
###                                                                                                 
0 0 0 0 0 0 147 126 TRM1-S96                                                                        
###                                                                                                 
0 0 0 0 0 0 121 95 BRK1-S97                                                                         
###                                                                                                 
0 0 0 0 0 0 148 127 TRM1-S97                                                                        
###                                                                                                 
0 0 0 0 0 0 122 96 BRK1-S98                                                                         
###                                                                                                 
0 0 0 0 0 0 149 128 TRM1-S98                                                                        
###                                                                                                 
0 0 0 0 0 0 123 97 BRK1-S99                                                                         
###                                                                                                 
0 0 0 0 0 0 150 129 TRM1-S99                                                                        
###                                                                                                 
0 0 0 0 0 0 64 38 BRK1-S100                                                                         
###                                                                                                 
0 0 0 0 0 0 91 70 TRM1-S100                                                                         
###                                                                                                 
