
LONG TERM TRANSMISSION CAPACITY PLANNING :-                                                         
LIST OF DELETED LINKS                                                                               
REGION/STATE/PTT: TENGAH/-/-                                                                        
TARGET YEAR: 2000                                                                                   
NO OF INITIAL LINKS: 18                                                                             
NO OF DELETED LINKS: 3                                                                              
INITIAL COST: $26345666.67                                                                          
FINAL COST: $6629841.67                                                                             
###                                                                                                 
0 0 0 0 0 0 64 38 BRK1                                                                              
###                                                                                                 
0 0 0 0 0 0 140 120 JRC1                                                                            
###                                                                                                 
0 0 0 0 0 0 18 45 SBS1                                                                              
###                                                                                                 
0 0 0 0 0 0 91 70 TRM1                                                                              
###                                                                                                 
